// Jest Snapshot v1, https://goo.gl/fbAQLP

exports[`should render EditExpensePage 1`] = `
<div>
  <div
    className="page-header"
  >
    <h1
      className="page-header__title"
    >
      Edit Expense
    </h1>
  </div>
  <div
    className="content-container"
  >
    <ExpenseForm
      expense={
        Object {
          "amount": 188.99,
          "createdAt": 432000000,
          "description": "dentist",
          "id": "3",
          "note": "broken tooth",
        }
      }
      onSubmit={[Function]}
    />
    <button
      className="button button--grey"
      onClick={[Function]}
    >
      Remove Expense
    </button>
  </div>
</div>
`;
